// Jest Snapshot v1, https://goo.gl/fbAQLP

exports[`Testing Spotify Login Page correctly renders 1`] = `
<div
  className="JoinPartyName"
>
  <div
    class="title"
  >
    <h1>
      What is your name? 
    </h1>
  </div>
  <div
    class="enterName"
  >
    <input
      type="text"
      value="Name"
    />
  </div>
  <div
    className="buttons"
  >
    <button
      aria-label={null}
      className="button btn btn-success"
      onClick={[Function]}
    >
       Join party
      <small>
         Lets get rockin' 
      </small>
    </button>
  </div>
</div>
`;
