// Jest Snapshot v1, https://goo.gl/fbAQLP

exports[`Testing Loading Page correctly renders 1`] = `
Array [
  <div
    className="spinner-grow text-primary"
    style={
      Object {
        "animationDuration": "2.1s",
      }
    }
  />,
  <div
    className="spinner-grow text-secondary"
    style={
      Object {
        "animationDelay": "0.3s",
        "animationDuration": "2.1s",
      }
    }
  />,
  <div
    className="spinner-grow text-success"
    style={
      Object {
        "animationDelay": "0.6s",
        "animationDuration": "2.1s",
      }
    }
  />,
  <div
    className="spinner-grow text-danger"
    style={
      Object {
        "animationDelay": "0.9s",
        "animationDuration": "2.1s",
      }
    }
  />,
  <div
    className="spinner-grow text-warning"
    style={
      Object {
        "animationDelay": "1.2s",
        "animationDuration": "2.1s",
      }
    }
  />,
  <div
    className="spinner-grow text-info"
    style={
      Object {
        "animationDelay": "1.5s",
        "animationDuration": "2.1s",
      }
    }
  />,
]
`;
